
 RUN  v4.0.18 E:/newfuelstation4

 Γ¥» src/tests/business-unit-isolation.test.ts (1 test | 1 failed) 8ms
     ├ù should completely isolate Fuel operations from CNG and Lube 6ms
node.exe : 
At line:1 char:1
+ & "C:\Program 
Files\nodejs/node.exe" 
"C:\Program 
Files\nodejs/node_mo 
...
+ ~~~~~~~~~~~~~~~~~~~~~
~~~~~~~~~~~~~~~~~~~~~~~
~~~~~~~~~~~~~~~~~~~~~~~
~~
    + CategoryInfo     
         : NotSpecifi  
  ed: (:String) [],    
 RemoteException
    + FullyQualifiedEr 
   rorId : NativeComm  
  andError
 
ΓÄ»ΓÄ»ΓÄ»ΓÄ»ΓÄ»ΓÄ»ΓÄ» 
Failed Tests 1 
ΓÄ»ΓÄ»ΓÄ»ΓÄ»ΓÄ»ΓÄ»ΓÄ»

 FAIL  src/tests/busine
ss-unit-isolation.test.
ts > Business Unit 
Data Isolation > 
should completely 
isolate Fuel 
operations from CNG 
and Lube
TypeError: addTank is 
not a function
 Γ¥» src/tests/business
-unit-isolation.test.ts
:59:9
     57| 
     58|         const 
{ addTank } = useFuelSt
ore.getState();
     59|         
addTank({
       |         ^
     60|             
name: 'Tank 1',
     61|             
type: 'PETROL',

ΓÄ»ΓÄ»ΓÄ»ΓÄ»ΓÄ»ΓÄ»ΓÄ»ΓÄ
»ΓÄ»ΓÄ»ΓÄ»ΓÄ»ΓÄ»ΓÄ»ΓÄ»Γ
Ä»ΓÄ»ΓÄ»ΓÄ»ΓÄ»ΓÄ»ΓÄ»ΓÄ»
ΓÄ»[1/1]ΓÄ»


 Test Files  1 failed (1)
      Tests  1 failed (1)
   Start at  22:59:25
   Duration  2.23s (transform 266ms, setup 0ms, import 441ms, tests 8ms, environment 1000ms)

